
Running 72 tests using 1 worker

(node:63196) Warning: The 'NO_COLOR' env is ignored due to the 'FORCE_COLOR' env being set.
(Use `node --trace-warnings ...` to show where the warning was created)
  ok  1 e2e\acceptance-feedback.spec.ts:7:1 › 用户能找到录像入口，往返录像库保持训练，顶部显示快捷键且不挤账户 (10.5s)
  ok  2 e2e\acceptance-feedback.spec.ts:48:1 › 周月观察时仍记录同期日线，界面和开关操作不增加业务计数 (7.0s)
  ok  3 e2e\acceptance-feedback.spec.ts:82:1 › 放弃可丢弃录像但保留训练与画线，结算默认保存且可从历史回放 (19.6s)
  ok  4 e2e\acceptance-feedback.spec.ts:128:1 › 结算确认时丢弃立即生效，刷新已结束训练不重新创建录像 (9.2s)
  ok  5 e2e\compact-chart.spec.ts:5:1 › 紧凑行情栏释放主图高度，详情覆盖显示不挤动图表 (7.5s)
  ok  6 e2e\compact-chart.spec.ts:41:1 › 刷新读取新增本地行情但不越过推进日，日期可见且可回到最新 (6.4s)
  ok  7 e2e\cost-basis.spec.ts:5:1 › 协创数据送转后成本线与账户一致，清仓再买及日周月不残留旧成本 (10.2s)
  ok  8 e2e\data-update.spec.ts:42:1 › a) needsUpdate 时顶栏出现摇晃的"更新日线"醒目按钮＋截止日小字，窄屏不横向溢出 (431ms)
  ok  9 e2e\data-update.spec.ts:63:1 › b) 点击更新 → POST refresh 被调用 → 更新中禁用态 → updated 后按钮隐藏并显示"数据已最新" (2.6s)
  ok 10 e2e\data-update.spec.ts:101:1 › c) 已最新初始态：更新按钮不渲染，只显示绿点＋"数据已最新 · 截止"一行小字 (433ms)
  ok 11 e2e\data-update.spec.ts:121:1 › d) needsUpdate 时点开始训练弹确认框：仍要开始训练照常创建；先更新数据只触发 refresh 不创建 (1.1s)
  ok 12 e2e\data-update.spec.ts:163:1 › e) 无可用来源：中性警示按钮，点击后 409 中文原因行内展示（不用 alert） (426ms)
  ok 13 e2e\drawing-basis.spec.ts:4:1 › 跨除权日后价位线跟随同一历史K线，缩放和刷新不漂移 (11.9s)
  ok 14 e2e\drawing-basis.spec.ts:51:1 › 空画线跨除权日后新画价位线，普通刷新不会再次复权 (10.3s)
  ok 15 e2e\journey.spec.ts:20:1 › Act1 创建训练并进入训练视图 (8.8s)
  ok 16 e2e\journey.spec.ts:38:1 › Act5 买入推进卖出结算 (9.2s)
  ok 17 e2e\journey.spec.ts:134:1 › Act2a 线段绘制编辑删除 (11.2s)
  ok 18 e2e\journey.spec.ts:156:1 › Act2d 空白点击解除持久选中（选中状态机） (10.7s)
  ok 19 e2e\journey.spec.ts:170:1 › Act2b 射线延伸段可选中 (10.3s)
  ok 20 e2e\journey.spec.ts:180:1 › Act2c 直线两端延伸段可选中 (10.6s)
  ok 21 e2e\journey.spec.ts:191:1 › Act2e 水平线系三工具（D5~D7） (13.3s)
  ok 22 e2e\journey.spec.ts:221:1 › Act3a 轴拖拽进主图缩放持续（不中断） (9.1s)
  ok 23 e2e\journey.spec.ts:239:1 › Act3b 手动轴后框选无纵向叠加 (9.5s)
  ok 24 e2e\journey.spec.ts:260:1 › Act3c 按线拖拽只动线段不动图 (10.9s)
  ok 25 e2e\journey.spec.ts:284:1 › Act3d 中键平移整图且松键不残留 (9.6s)
  ok 26 e2e\journey.spec.ts:317:1 › Act4a 多选模式框选批量选中且不缩放 (13.3s)
  ok 27 e2e\journey.spec.ts:344:1 › Act4b Ctrl+点选累加与批量删除 (13.5s)
  ok 28 e2e\journey.spec.ts:363:1 › Act4c 选项卡式批量编辑 (13.9s)
  ok 29 e2e\journey.spec.ts:392:1 › Act4d 副图画线与多选框选（主副图同权） (10.7s)
  ok 30 e2e\journey.spec.ts:425:1 › Act6 主题切换持久化 (9.1s)
  ok 31 e2e\m3-feedback.spec.ts:46:1 › 常用工具拖入移出排序刷新恢复，自定义模式隔离绘图交易 (15.0s)
  ok 32 e2e\m3-feedback.spec.ts:76:1 › 自动保存待保存进行中失败重试成功不改变工具区或账户区位置 (15.9s)
  ok 33 e2e\m3-feedback.spec.ts:111:1 › 折叠其他工具扩展账户可视区，双主题多尺寸标签无背景填充 (15.5s)
  ok 34 e2e\m3-round3.spec.ts:31:1 › 中括号双向循环周期并隔离输入、自定义和未完成画线 (6.3s)
  ok 35 e2e\m3-round3.spec.ts:55:1 › 840根真实可视范围、历史供给与纯黑主副图 (6.9s)
  ok 36 e2e\m3-round3.spec.ts:81:1 › 诅咒线仅保留第二点起始的50%右向射线，编辑与刷新恢复 (10.7s)
  ok 37 e2e\m3-round3.spec.ts:117:1 › 频繁成交聚合标记不覆盖主副图与时间轴，颜色明细正确 (9.8s)
  ok 38 e2e\m3-tools.spec.ts:133:1 › M3 D6-D7 水平工具改价保持水平且可撤销保存 (17.5s)
  ok 39 e2e\m3-tools.spec.ts:153:1 › M3 工具清单与默认吸附 (11.9s)
  ok 40 e2e\m3-tools.spec.ts:165:1 › M3 D2-D13 线系与通道工具逐项绘制 (28.9s)
  ok 41 e2e\m3-tools.spec.ts:207:1 › M3 D14-D22 折线与自定义图形逐项绘制 (24.2s)
  ok 42 e2e\m3-tools.spec.ts:241:1 › M3 D6-D10 有限线段边界与反向射线命中 (15.7s)
  ok 43 e2e\m3-tools.spec.ts:270:1 › M3 D26-D29 编辑移动撤销重做删除清空保留交易标记 (13.9s)
  ok 44 e2e\m3-tools.spec.ts:341:1 › M3 D14 取消取点与画线模式热键隔离 (12.1s)
  ok 45 e2e\m3-tools.spec.ts:364:1 › M3 D23 文本多行样式编辑取消与输入热键隔离 (12.8s)
  ok 46 e2e\m3-tools.spec.ts:434:1 › M3 D16-D25 形状拖角缩放与悬停指针 (13.3s)
  ok 47 e2e\m3-tools.spec.ts:461:1 › M3 D28 混合形状框选批量删除与撤销 (14.7s)
  ok 48 e2e\m3-tools.spec.ts:484:1 › M3 D24 三态吸附与强吸附开高低收 (13.3s)
  ok 49 e2e\m3-tools.spec.ts:505:1 › M3 D30-D31 主副图保存刷新与跨周期恢复 (21.9s)
  ok 50 e2e\m3-tools.spec.ts:557:1 › M3 D23 取消新文本不污染保存与撤销历史 (21.7s)
  ok 51 e2e\m3-tools.spec.ts:592:1 › M3 D31 保存失败后立即刷新从本地恢复最新画线 (23.3s)
  ok 52 e2e\m3-tools.spec.ts:637:1 › M3 D31 已结算训练继续查看刷新保留画线并返回首页 (17.2s)
  ok 53 e2e\m3-tools.spec.ts:660:1 › M3 D31 快速切换周期时过期周线响应不覆盖月线 (13.5s)
  ok 54 e2e\m3-tools.spec.ts:710:1 › M3 D28 副图框选不命中主图直线的不可见延伸 (13.5s)
  ok 55 e2e\m3-tools.spec.ts:734:1 › M3 D31 最新日线锚点跨周月映射到当前聚合柱 (12.6s)
  ok 56 e2e\m3-tools.spec.ts:762:1 › M3 D32 两种桌面尺寸的布局与圆形比例 (14.1s)
  ok 57 e2e\m3-tools.spec.ts:782:1 › M3 D28 文本线段混选编辑文本颜色内容并刷新恢复 (18.0s)
  ok 58 e2e\pane-resize.spec.ts:119:5 › candle/VOL separator owns diagonal left/right drags in default mode (7.0s)
  ok 59 e2e\pane-resize.spec.ts:119:5 › VOL/MACD separator owns diagonal left/right drags in default mode (7.1s)
  ok 60 e2e\pane-resize.spec.ts:119:5 › candle/VOL separator owns diagonal left/right drags in multi mode (7.1s)
  ok 61 e2e\pane-resize.spec.ts:119:5 › VOL/MACD separator owns diagonal left/right drags in multi mode (7.1s)
  ok 62 e2e\pane-resize.spec.ts:137:1 › Ctrl separator drag preserves selection through the right axis side (6.8s)
  ok 63 e2e\pane-resize.spec.ts:148:1 › separator drag preserves an active drawing tool and maximized panes remain usable (6.7s)
  ok 64 e2e\recording-daily.spec.ts:107:1 › 按交易日回放：键盘步进、观察周期独立、画线终态与只读安全 (4.6s)
  ok 65 e2e\recording-daily.spec.ts:216:1 › 旧文件缺当日日线：首日即时回退唯一周期、明示缺日线、次日恢复偏好 (3.1s)
  ok 66 e2e\recording-long.spec.ts:23:1 › 两年前复权训练含交易画线周期切换，可压缩导出并离线回放 (51.4s)
  ok 67 e2e\recording-migration.spec.ts:17:1 › 旧版IndexedDB录制可迁移查看，原始记录仍保留且损坏导入不改变页面 (3.4s)
  ok 68 e2e\recording-migration.spec.ts:62:1 › 复制标签页的续录指针不会产生同会话双写 (12.5s)
  ok 69 e2e\recording.spec.ts:8:1 › 录制上下文准备期间不会漏掉第一笔交易 (9.4s)
  ok 70 e2e\recording.spec.ts:55:1 › 默认录制交易拒单、周期和画线，暂停恢复后可导出并离线只读回放 (12.5s)
  ok 71 e2e\recording.spec.ts:147:1 › 浏览器存储恢复后可重试录制，错误不伪装成正在记录 (9.4s)
  ok 72 e2e\recording.spec.ts:178:1 › 首页关闭仅影响本场，刷新保留暂停且恢复后可导出 (12.5s)

  Slow test file: e2e\m3-tools.spec.ts (5.6m)
  Consider running tests from slow files in parallel. See: https://playwright.dev/docs/test-parallel
  72 passed (14.2m)
